DOSBox-X crash report
timestamp_unix: 1791381796
fatal: No byte handler for write to ffffbbfa


[guest]
mode: pmode=1 vm86=0 cpl=0 mpl=3 paging=0 wp=0 code_big=1 stack_big=1
control: CR0=00000011 CR2=00000000 CR3=00000000 CR4=00000000
tables: GDTR base=00014E90 limit=0000084F IDTR base=00012500 limit=000007FF LDTR=0000 TR=0000

Guest registers:
EAX=FFFFBBFA EBX=00000000 ECX=000000F9 EDX=00000000
ESI=00000000 EDI=00000000 EBP=00134614 ESP=0012C17C
CS=0838 DS=0830 ES=0830 SS=0830 FS=0840 GS=0000 EIP=00170216 FLAGS=00000287

Guest segment caches:
CS sel=0838 base=00000000 limit=FFFFFFFF expanddown=0
DS sel=0830 base=00000000 limit=FFFFFFFF expanddown=0
ES sel=0830 base=00000000 limit=FFFFFFFF expanddown=0
SS sel=0830 base=00000000 limit=FFFFFFFF expanddown=0
FS sel=0840 base=00000000 limit=FFFFFFFF expanddown=0
GS sel=0000 base=00000000 limit=FFFFFFFF expanddown=0

Guest stack near SS:ESP (linear 0012C17C):
0012C17C  00 00 00 00 00 00 00 00 00 00 00 00 00 00 00 00 
0012C18C  00 00 00 00 00 00 00 00 00 00 00 00 00 00 00 00 
0012C19C  00 00 00 00 00 00 00 00 00 00 00 00 00 00 00 00 
0012C1AC  00 00 00 00 00 00 00 00 00 00 00 00 00 00 00 00 
0012C1BC  00 00 00 00 00 00 00 00 00 00 00 00 00 00 00 00 
0012C1CC  00 00 00 00 00 00 00 00 00 00 00 00 00 00 00 00 
0012C1DC  00 00 00 00 00 00 00 00 00 00 00 00 00 00 00 00 
0012C1EC  00 00 00 00 00 00 00 00 00 00 00 00 00 00 00 00 

[host]
core=normal cycles=213 cycle_left=21147 cycle_max=37889

Host registers:
RAX=0000000000000011 RBX=000000000012C1FC RCX=0000000000000011 RDX=00005F18EF6ED500
RSI=00005F18EF6ED500 RDI=00005F18EF6EDDBE RBP=00005F18E6F8355D RSP=00007FFEE25C4700
R8 =000000000012C1FC R9 =0000000000000011 R10=0000000000000001 R11=0000000000000000
R12=00007FFEE25C4700 R13=00005F18E6F8355D R14=00005F18E6F8355D R15=00005F18EF6ED420
RFLAGS=0000000000000202 return=0x5f18e6f0e2ac
note: captured inside E_Exit crash-report generation, not from a host signal context.

Host stack trace:
00  /home/alim/scratch/code32/target/release/dosbox-x(+0x9c5db5) [0x5f18e6f0cdb5]
01  /home/alim/scratch/code32/target/release/dosbox-x(+0x9c72ac) [0x5f18e6f0e2ac]
02  /home/alim/scratch/code32/target/release/dosbox-x(+0x869cd8) [0x5f18e6db0cd8]
03  /home/alim/scratch/code32/target/release/dosbox-x(+0x89dd49) [0x5f18e6de4d49]
04  /home/alim/scratch/code32/target/release/dosbox-x(+0x201dd6) [0x5f18e6748dd6]
05  /home/alim/scratch/code32/target/release/dosbox-x(+0x20207e) [0x5f18e674907e]
06  /home/alim/scratch/code32/target/release/dosbox-x(+0x8560c1) [0x5f18e6d9d0c1]
07  /home/alim/scratch/code32/target/release/dosbox-x(+0x4e762d) [0x5f18e6a2e62d]
08  /home/alim/scratch/code32/target/release/dosbox-x(+0x4c2e88) [0x5f18e6a09e88]
09  /home/alim/scratch/code32/target/release/dosbox-x(+0x4c53d6) [0x5f18e6a0c3d6]
10  /home/alim/scratch/code32/target/release/dosbox-x(+0x4c2347) [0x5f18e6a09347]
11  /home/alim/scratch/code32/target/release/dosbox-x(+0x4c2880) [0x5f18e6a09880]
12  /home/alim/scratch/code32/target/release/dosbox-x(+0x4ac41e) [0x5f18e69f341e]
13  /home/alim/scratch/code32/target/release/dosbox-x(+0x4ad55e) [0x5f18e69f455e]
14  /home/alim/scratch/code32/target/release/dosbox-x(+0x4b655c) [0x5f18e69fd55c]
15  /home/alim/scratch/code32/target/release/dosbox-x(+0x576231) [0x5f18e6abd231]
16  /home/alim/scratch/code32/target/release/dosbox-x(+0x52ba09) [0x5f18e6a72a09]
17  /home/alim/scratch/code32/target/release/dosbox-x(+0x201e04) [0x5f18e6748e04]
18  /home/alim/scratch/code32/target/release/dosbox-x(+0x20207e) [0x5f18e674907e]
19  /home/alim/scratch/code32/target/release/dosbox-x(+0x198f8b) [0x5f18e66dff8b]
20  /lib/x86_64-linux-gnu/libc.so.6(+0x2a575) [0x799ea742a575]
21  /lib/x86_64-linux-gnu/libc.so.6(__libc_start_main+0x88) [0x799ea742a628]
22  /home/alim/scratch/code32/target/release/dosbox-x(+0x2009b5) [0x5f18e67479b5]
