# Copies of target facts left in shared code, per file: count path. Only shrinks.
1 crates/backend/llrm-core/src/abi/mod.rs
3 crates/backend/llrm-core/src/abi/qb.rs
1 crates/backend/llrm-core/src/backend/addressvalues.rs
1 crates/backend/llrm-core/src/backend/affine.rs
4 crates/backend/llrm-core/src/backend/arithmetic.rs
4 crates/backend/llrm-core/src/backend/callregs.rs
1 crates/backend/llrm-core/src/backend/classes.rs
1 crates/backend/llrm-core/src/backend/copyprop.rs
7 crates/backend/llrm-core/src/backend/datagroup.rs
1 crates/backend/llrm-core/src/backend/division.rs
1 crates/backend/llrm-core/src/backend/ehprepare.rs
1 crates/backend/llrm-core/src/backend/exactaddress.rs
5 crates/backend/llrm-core/src/backend/floatalloc.rs
3 crates/backend/llrm-core/src/backend/floatassign.rs
2 crates/backend/llrm-core/src/backend/frame.rs
23 crates/backend/llrm-core/src/backend/inline_asm.rs
1 crates/backend/llrm-core/src/backend/isel/combined.rs
1 crates/backend/llrm-core/src/backend/isel/generator/mod.rs
1 crates/backend/llrm-core/src/backend/isel/unwind.rs
11 crates/backend/llrm-core/src/backend/isel/wide.rs
2 crates/backend/llrm-core/src/backend/liveness.rs
12 crates/backend/llrm-core/src/backend/loopslots.rs
2 crates/backend/llrm-core/src/backend/machinedce.rs
11 crates/backend/llrm-core/src/backend/masm.rs
8 crates/backend/llrm-core/src/backend/omfwrite.rs
1 crates/backend/llrm-core/src/backend/parcopy.rs
9 crates/backend/llrm-core/src/backend/peep/guards.rs
4 crates/backend/llrm-core/src/backend/peep/make.rs
1 crates/backend/llrm-core/src/backend/peephole.rs
1 crates/backend/llrm-core/src/backend/pointers.rs
1 crates/backend/llrm-core/src/backend/prologue.rs
3 crates/backend/llrm-core/src/backend/regalloc_input.rs
4 crates/backend/llrm-core/src/backend/regclass.rs
7 crates/backend/llrm-core/src/backend/schedule.rs
54 crates/backend/llrm-core/src/backend/select.rs
6 crates/backend/llrm-core/src/backend/spiller.rs
1 crates/backend/llrm-core/src/backend/spillforward.rs
2 crates/backend/llrm-core/src/backend/storecombine.rs
7 crates/backend/llrm-core/src/backend/target.rs
6 crates/backend/llrm-core/src/backend/timing.rs
1 crates/backend/llrm-core/src/backend/upperzero.rs
7 crates/backend/llrm-core/src/driver/basic.rs
3 crates/backend/llrm-core/src/driver/flags.rs
8 crates/backend/llrm-driver/src/lib.rs
1 crates/backend/llrm-peepgen/src/table.rs
1 crates/bc/llrm-bc/examples/gate.rs
1 crates/bc/llrm-bc/examples/nodes.rs
2 crates/bc/llrm-bc/src/access.rs
1 crates/bc/llrm-bc/src/cells.rs
10 crates/bc/llrm-bc/src/copies.rs
46 crates/bc/llrm-bc/src/emit.rs
3 crates/bc/llrm-bc/src/emit/handling.rs
11 crates/bc/llrm-bc/src/floats.rs
1 crates/bc/llrm-bc/src/lib.rs
2 crates/bc/llrm-bc/src/longs.rs
29 crates/bc/llrm-bc/src/machine.rs
7 crates/bc/llrm-bc/src/pairs.rs
2 crates/bc/llrm-bc/src/runtime.rs
2 crates/bc/llrm-bc/src/sites.rs
1 crates/bc/llrm-bcdriver/src/lib.rs
2 crates/bc/llrm-bcmachine/src/abi/callsite.rs
6 crates/bc/llrm-bcmachine/src/frontends/bc/blocks.rs
2 crates/bc/llrm-bcmachine/src/frontends/bc/stack.rs
5 crates/bc/llrm-bcmachine/src/model/ir/decode.rs
16 crates/bc/llrm-bcmachine/src/model/ir/lift.rs
4 crates/bc/llrm-bcmachine/src/model/ir/nodes.rs
27 crates/bc/llrm-bcmachine/src/model/ir/semantics.rs
1 crates/frontends/llrm-c/build.rs
3 crates/frontends/llrm-c/src/compile.rs
9 crates/frontends/llrm-c/src/translate.rs
1 crates/frontends/llrm-nib/src/library.rs
1 crates/frontends/llrm-nib/src/semantic/assembly.rs
1 crates/frontends/llrm-nib/src/semantic/checks.rs
1 crates/frontends/llrm-qb/src/cli.rs
1 crates/frontends/llrm-qb/src/compile.rs
18 crates/frontends/llrm-qbruntime/src/lib.rs
1 crates/frontends/qbfront/crates/buildprs/src/buildprs_generator.rs
1 crates/frontends/qbfront/crates/buildprs/src/buildprs_lowering.rs
1 crates/frontends/qbfront/src/generated_parser/lexer.rs
1 crates/ir/llrm-hir/src/bin/hir-mir.rs
2 crates/ir/llrm-lir/src/lib.rs
8 crates/ir/llrm-lir/src/root.rs
1 crates/ir/llrm-mir/src/interpret.rs
17 crates/ir/llrm-mir/src/opcode.rs
1 crates/opt/llrm-analysis/src/generated.rs
3 crates/opt/llrm-analysis/src/regions.rs
4 crates/opt/llrm-transforms/src/ports.rs
1 crates/support/llrm-support/src/pyjson.rs
1 crates/support/llrm-support/src/pyrepr.rs
2 tools/bench/bench.py
5 tools/bench/icount.py
2 tools/bench/maps.py
1 tools/dosbatch/dosbatch.py
4 tools/dosbatch/run_tests.py
9 tools/e2e/mkgolden.py
1 tools/e2e/qbprint.py
2 tools/innerloops.py
13 tools/loops/build.py
3 tools/loops/cases/adversarial.py
5 tools/loops/cases/concurrent.py
1 tools/loops/cases/cross.py
1 tools/loops/common.py
2 tools/loops/emit_bas.py
2 tools/loops/emit_c.py
3 tools/loops/emit_nib.py
1 tools/loops/expect.py
3 tools/loops/oracle.py
8 tools/loops/quality.py
1 tools/loops/run.py
3 tools/msp430.py
