# Copies of target facts left in shared code, per file: count path. Only shrinks.
3 crates/backend/llrm-core/src/abi/qb.rs
1 crates/backend/llrm-core/src/backend/allocate.rs
4 crates/backend/llrm-core/src/backend/arithmetic.rs
1 crates/backend/llrm-core/src/backend/callregs.rs
24 crates/backend/llrm-core/src/backend/classes.rs
3 crates/backend/llrm-core/src/backend/datagroup.rs
5 crates/backend/llrm-core/src/backend/floatalloc.rs
3 crates/backend/llrm-core/src/backend/floatassign.rs
1 crates/backend/llrm-core/src/backend/frame.rs
15 crates/backend/llrm-core/src/backend/inline_asm.rs
22 crates/backend/llrm-core/src/backend/isel.rs
11 crates/backend/llrm-core/src/backend/isel/wide.rs
3 crates/backend/llrm-core/src/backend/loopslots.rs
13 crates/backend/llrm-core/src/backend/masm.rs
2 crates/backend/llrm-core/src/backend/objbuild.rs
4 crates/backend/llrm-core/src/backend/peep/guards.rs
4 crates/backend/llrm-core/src/backend/peep/make.rs
30 crates/backend/llrm-core/src/backend/peephole.rs
1 crates/backend/llrm-core/src/backend/pointers.rs
4 crates/backend/llrm-core/src/backend/regclass.rs
5 crates/backend/llrm-core/src/backend/spiller.rs
3 crates/backend/llrm-core/src/backend/ssaspill.rs
2 crates/backend/llrm-core/src/backend/storecombine.rs
1 crates/backend/llrm-core/src/backend/upperzero.rs
3 crates/backend/llrm-core/src/driver/basic.rs
3 crates/bc/llrm-bcdriver/src/lib.rs
3 crates/frontends/llrm-c/src/compile.rs
1 crates/frontends/llrm-c/src/translate.rs
1 crates/frontends/llrm-nib/src/declarations.rs
1 crates/frontends/llrm-nib/src/library.rs
1 crates/frontends/llrm-nib/src/semantic/assembly.rs
1 crates/frontends/llrm-qb/src/cli.rs
1 crates/frontends/llrm-qb/src/compile.rs
20 crates/frontends/llrm-qbruntime/src/lib.rs
1 crates/frontends/qbfront/crates/buildprs/src/buildprs_generator.rs
1 crates/frontends/qbfront/crates/buildprs/src/buildprs_lowering.rs
1 crates/frontends/qbfront/src/generated_parser/lexer.rs
1 crates/frontends/qbfront/src/main.rs
2 crates/frontends/qbfront/src/semantic.rs
1 crates/ir/llrm-hir/src/bin/hir-mir.rs
2 crates/ir/llrm-lir/src/lib.rs
2 crates/ir/llrm-lir/src/registers.rs
8 crates/ir/llrm-lir/src/root.rs
1 crates/ir/llrm-mir/src/interpret.rs
1 crates/opt/llrm-analysis/src/generated.rs
4 crates/opt/llrm-transforms/src/ports.rs
1 crates/support/llrm-support/src/pyjson.rs
1 crates/support/llrm-support/src/pyrepr.rs
2 tools/bench/bench.py
2 tools/bench/maps.py
1 tools/callconv/bas.sh
2 tools/callconv/c.sh
9 tools/e2e/mkgolden.py
1 tools/e2e/qbprint.py
2 tools/innerloops.py
6 tools/loops/build.py
3 tools/loops/cases/adversarial.py
5 tools/loops/cases/concurrent.py
1 tools/loops/cases/cross.py
1 tools/loops/common.py
2 tools/loops/emit_bas.py
2 tools/loops/emit_c.py
3 tools/loops/emit_nib.py
1 tools/loops/expect.py
3 tools/loops/oracle.py
8 tools/loops/quality.py
3 tools/msp430.py
1 tools/nib-build.sh
1 tools/returns_twice/run.sh
