                                                                      PAGE   1
                                                                      29 Sep 26
                                                                      12:35:30
Offset  Data    Source Line      Microsoft (R) QuickBASIC Compiler Version 4.50

 0030   0006    ' The STRING-result callee, apart: llrm-qb refuses it for QB 4.
                5 and PDS 7.1.
 0030   0006    '$include: 'CC.BI'
 0030   0006    ' Shared by every module. Callees and callers keep what arrived
                 and what
 0030   0006    ' came back in PROBE.ASM's slots (put*); the harness reads them
                 (getB).
 0030   0006    type Rec
 0030   0006        a as integer
 0030   0006        b as long
 0030   0006        c as double
 0030   0006        s as string * 4
 0030   0006    end type
 0030   0006    
 0030   0006    ' PROBE.ASM
 0030   0006    declare sub trash ()
 0030   0006    declare sub arm ()
 0030   0006    declare sub verify (byval k as integer)
 0030   0006    declare sub armX ()
 0030   0006    declare sub verifyX (byval k as integer)
 0030   0006    declare sub badRegs ()
 0030   0006    declare function probeMask% (byval k as integer)
 0030   0006    declare sub putI (byval k as integer, byval v as integer)
 0030   0006    declare sub putL (byval k as integer, byval v as long)
 0030   0006    declare sub putF (byval k as integer, byval v as single)
 0030   0006    declare sub putD (byval k as integer, byval v as double)
 0030   0006    declare sub putC (byval k as integer, byval i as integer, byval
                 c as integer)
 0030   0006    declare function getB% (byval k as integer, byval i as integer)
 0030   0006    declare sub recVal (byval a as integer, byval b as long, byval 
                c as single, byval d as double)
 0030   0006    declare sub recSeg (seg a as integer, seg b as double)
 0030   0006    declare sub recCdl cdecl (byval a as integer, byval b as long, 
                byval c as double)
 0030   0006    declare function aInt% ()
 0030   0006    declare function aLng& ()
 0030   0006    declare function aSng! ()
 0030   0006    declare function aDbl# ()
 0030   0006    declare sub keepDesc (s as string)
 0030   0006    declare function aStr$ ()
 0030   0006    declare function xInt% cdecl ()
 0030   0006    declare function xLng& cdecl ()
 0030   0006    declare function xSng! cdecl ()
 0030   0006    declare function xDbl# cdecl ()
 0030   0006    
 0030   0006    ' CE.BAS
 0030   0006    declare sub pInt (h as integer, v as integer, t as integer)
 0030   0006    declare sub pLng (h as integer, v as long, t as integer)
 0030   0006    declare sub pSng (h as integer, v as single, t as integer)
 0030   0006    declare sub pDbl (h as integer, v as double, t as integer)
 0030   0006    declare sub pStr (h as integer, v as string, t as integer)
 0030   0006    declare sub pFix (h as integer, v as string, t as integer)
 0030   0006    declare sub pRec (h as integer, v as Rec, t as integer)
 0030   0006    declare sub pArrI (h as integer, v() as integer, t as integer)
                                                                      PAGE   2
                                                                      29 Sep 26
                                                                      12:35:30
Offset  Data    Source Line      Microsoft (R) QuickBASIC Compiler Version 4.50

 0030   0006    declare sub pArrS (h as integer, v() as string, t as integer)
 0030   0006    declare sub pMix (a as integer, b as long, c as single, d as do
                uble, e as string, f as integer)
 0030   0006    declare sub sVoid ()
 0030   0006    declare function rInt% (h as integer)
 0030   0006    declare function rLng& (h as integer)
 0030   0006    declare function rSng! (h as integer)
 0030   0006    declare function rDbl# (h as integer)
 0030   0006    declare sub ceStr (k as integer, s as string)
 0030   0006    
 0030   0006    ' CES.BAS
 0030   0006    declare function rStr$ (h as integer)
 0030   0006    
 0030   0006    ' CR.BAS, CRS.BAS
 0030   0006    declare sub callAll ()
 0030   0006    declare sub crStr (k as integer, s as string)
 0030   0006    declare sub callStrs ()
 0030   0006    
 0030   0006    '$include: 'CUR.BI'
 0030   0006    ' No CURRENCY in QB 4.5.
 0030   0006    '$include: 'V71.BI'
 0030   0006    ' No BYVAL or SEG in a QB 4.5 SUB definition.
 0030   0006    
 0030   0006    function rStr$ (h as integer)
 0030    **            I00002: jmp   I00003
 0033    **            RSTR$:  mov   cx,0000h
 0036    **                    call  B$ENRA
 003B   0006        trash
 003B    **                    call  TRASH
 0040   0006        putI 65, h
 0040    **                    mov   ax,0041h
 0043    **                    push  ax
 0044    **                    mov   si,06h[bp]
 0047    **                    push  [si]
 0049    **                    call  PUTI
 004E   0006        rStr$ = "world"
 004E   0006    end function
 004E    **                    mov   ax,offset <const>
 0051    **                    push  ax
 0052    **                    lea   ax,0F2h[bp]
 0055    **                    push  ax
 0056    **                    call  B$SASS
 005B    **            I00004: lea   ax,0F2h[bp]
 005E    **                    push  ax
 005F    **                    call  B$SCPF
 0064    **                    call  B$EXSA
 0069    **                    ret   0002h
 006C   0006    
 006C    **            I00003: call  B$CENP
 0071   0006    
                                                                      PAGE   3
                                                                      29 Sep 26
                                                                      12:35:30
Offset  Data    Source Line      Microsoft (R) QuickBASIC Compiler Version 4.50


43949 Bytes Available
39857 Bytes Free

    0 Warning Error(s)
    0 Severe  Error(s)
