.............:::::::::-------------------------:::::::::::::::::
...........::::::-----------------=====+%%++====----::::::::::::
..........::::----------------=======++*# - %+=====----:::::::::
.........:::----------------=======+++#.:%@* #+++====----:::::::
........::---------------=======+***##%*@@@@ %#*++++==-----:::::
.......:--------------=====+++*#-:- -@-@*@@ =@-@%%#.#+=------:::
......:------------===++++++***%.*@@@@@@@@@@@@@@@@@: *+=------::
.....:---------===*#***+****#%.@@@@@@@@@@@@@@@@@@@@:%#+==------:
.....----=====+++*# =# -+.   . @@@@@@@@@@@@@@@@@@@@@@ *===------
.....-======++++*##.+@@@@@@ =+@@@@@@@@@@@@@@@@@@@@@@@-+===------
.....=====+***#%*:=-@@@@@@@@@ @@@@@@@@@@@@@@@@@@@@@@:*+===------
.......-:@-++*-=@@@@@@@@@@@@@@@@@@@@@@@@@@@@@@@@@@+ #*+===------
.....=====+***#%--=:@@@@@@@@@.@@@@@@@@@@@@@@@@@@@@@@:*+===------
.....-======++++*##.+@@@@@@@++@@@@@@@@@@@@@@@@@@@@@@@=+===------
.....----=====+++*# +* -:..  .#@@@@@@@@@@@@@@@@@@@@@@%*===------
.....:---------==+##********#%.@@@@@@@@@@@@@@@@@@@@+%#+==------:
......:------------===++++++***%.+@@@@@@@@@@@@@@@@@: *+=------::
.......:--------------=====+++*#:+-.*#@@@@@@@ =@ %%:#+=------:::
........::---------------=======+***##%-@@@@:%#**+++==-----:::::
.........:::----------------=======+++#.:.@+ #+++====----:::::::
..........::::----------------=======++*# = %*=====----:::::::::
...........::::::-----------------=====+#%*+====----::::::::::::
step 0.0498046875, limit 40
